--- DB TEST START ---
DATABASE_URL is defined
Attempting to connect...
prisma:info Starting a postgresql pool with 1 connections in PgBouncer mode.
Connected via $connect()
Querying User count...
prisma:query BEGIN
prisma:query DEALLOCATE ALL
prisma:query SELECT COUNT(*) AS "_count._all" FROM (SELECT "public"."users"."id" FROM "public"."users" WHERE 1=1 OFFSET $1) AS "sub"
prisma:query COMMIT
User count: 0
--- DB TEST SUCCESS ---
